\BOOKMARK [0][-]{chapter.1}{\376\377\000I\000n\000t\000r\000o\000d\000u\000c\000t\000i\000o\000n}{}% 1
\BOOKMARK [1][-]{section.1.1}{\376\377\000C\000o\000n\000t\000e\000x\000t\000e}{chapter.1}% 2
\BOOKMARK [1][-]{section.1.2}{\376\377\000P\000r\000o\000b\000l\000\351\000m\000a\000t\000i\000q\000u\000e}{chapter.1}% 3
\BOOKMARK [1][-]{section.1.3}{\376\377\000O\000b\000j\000e\000c\000t\000i\000f\000s}{chapter.1}% 4
\BOOKMARK [0][-]{chapter.2}{\376\377\000A\000n\000a\000l\000y\000s\000e\000\040\000d\000e\000s\000\040\000b\000e\000s\000o\000i\000n\000s}{}% 5
\BOOKMARK [1][-]{section.2.1}{\376\377\000B\000e\000s\000o\000i\000n\000s\000\040\000f\000o\000n\000c\000t\000i\000o\000n\000n\000e\000l\000s}{chapter.2}% 6
\BOOKMARK [1][-]{section.2.2}{\376\377\000B\000e\000s\000o\000i\000n\000s\000\040\000n\000o\000n\000\040\000f\000o\000n\000c\000t\000i\000o\000n\000n\000e\000l\000s}{chapter.2}% 7
\BOOKMARK [0][-]{chapter.3}{\376\377\000C\000o\000n\000c\000e\000p\000t\000i\000o\000n\000\040\000e\000t\000\040\000a\000r\000c\000h\000i\000t\000e\000c\000t\000u\000r\000e}{}% 8
\BOOKMARK [1][-]{section.3.1}{\376\377\000A\000r\000c\000h\000i\000t\000e\000c\000t\000u\000r\000e\000\040\000g\000l\000o\000b\000a\000l\000e}{chapter.3}% 9
\BOOKMARK [1][-]{section.3.2}{\376\377\000B\000a\000s\000e\000\040\000d\000e\000\040\000d\000o\000n\000n\000\351\000e\000s}{chapter.3}% 10
\BOOKMARK [1][-]{section.3.3}{\376\377\000C\000o\000u\000c\000h\000e\000s\000\040\000l\000o\000g\000i\000c\000i\000e\000l\000l\000e\000s}{chapter.3}% 11
\BOOKMARK [2][-]{subsection.3.3.1}{\376\377\000C\000o\000r\000e\000\040\000\050\000n\000o\000y\000a\000u\000\051}{section.3.3}% 12
\BOOKMARK [2][-]{subsection.3.3.2}{\376\377\000D\000A\000O}{section.3.3}% 13
\BOOKMARK [2][-]{subsection.3.3.3}{\376\377\000S\000e\000r\000v\000i\000c\000e\000s}{section.3.3}% 14
\BOOKMARK [2][-]{subsection.3.3.4}{\376\377\000C\000o\000n\000t\000r\000\364\000l\000e\000u\000r\000s}{section.3.3}% 15
\BOOKMARK [1][-]{section.3.4}{\376\377\000R\000o\000u\000t\000a\000g\000e}{chapter.3}% 16
\BOOKMARK [0][-]{chapter.4}{\376\377\000T\000e\000c\000h\000n\000o\000l\000o\000g\000i\000e\000s\000\040\000u\000t\000i\000l\000i\000s\000\351\000e\000s}{}% 17
\BOOKMARK [1][-]{section.4.1}{\376\377\000L\000a\000n\000g\000a\000g\000e\000s}{chapter.4}% 18
\BOOKMARK [1][-]{section.4.2}{\376\377\000B\000i\000b\000l\000i\000o\000t\000h\000\350\000q\000u\000e\000s}{chapter.4}% 19
\BOOKMARK [1][-]{section.4.3}{\376\377\000E\000n\000v\000i\000r\000o\000n\000n\000e\000m\000e\000n\000t}{chapter.4}% 20
\BOOKMARK [0][-]{chapter.5}{\376\377\000F\000o\000n\000c\000t\000i\000o\000n\000n\000a\000l\000i\000t\000\351\000s\000\040\000i\000m\000p\000l\000\351\000m\000e\000n\000t\000\351\000e\000s}{}% 21
\BOOKMARK [1][-]{section.5.1}{\376\377\000A\000u\000t\000h\000e\000n\000t\000i\000f\000i\000c\000a\000t\000i\000o\000n}{chapter.5}% 22
\BOOKMARK [1][-]{section.5.2}{\376\377\000T\000a\000b\000l\000e\000a\000u\000\040\000d\000e\000\040\000b\000o\000r\000d}{chapter.5}% 23
\BOOKMARK [1][-]{section.5.3}{\376\377\000T\000r\000a\000n\000s\000a\000c\000t\000i\000o\000n\000s}{chapter.5}% 24
\BOOKMARK [1][-]{section.5.4}{\376\377\000B\000u\000d\000g\000e\000t\000s}{chapter.5}% 25
\BOOKMARK [1][-]{section.5.5}{\376\377\000C\000a\000t\000\351\000g\000o\000r\000i\000e\000s}{chapter.5}% 26
\BOOKMARK [1][-]{section.5.6}{\376\377\000A\000l\000e\000r\000t\000e\000s}{chapter.5}% 27
\BOOKMARK [1][-]{section.5.7}{\376\377\000F\000o\000n\000c\000t\000i\000o\000n\000n\000a\000l\000i\000t\000\351\000s\000\040\000c\000o\000l\000l\000a\000b\000o\000r\000a\000t\000i\000v\000e\000s}{chapter.5}% 28
\BOOKMARK [1][-]{section.5.8}{\376\377\000A\000d\000m\000i\000n\000i\000s\000t\000r\000a\000t\000i\000o\000n}{chapter.5}% 29
\BOOKMARK [0][-]{chapter.6}{\376\377\000S\000\351\000c\000u\000r\000i\000t\000\351}{}% 30
\BOOKMARK [0][-]{chapter.7}{\376\377\000L\000i\000m\000i\000t\000a\000t\000i\000o\000n\000s\000\040\000e\000t\000\040\000a\000m\000\351\000l\000i\000o\000r\000a\000t\000i\000o\000n\000s}{}% 31
\BOOKMARK [0][-]{chapter.8}{\376\377\000C\000o\000n\000c\000l\000u\000s\000i\000o\000n}{}% 32
